npx : FAIL 
__tests__/App.test.tsx
At line:1 char:1
+ npx jest 2>&1 | 
Out-File -Encoding utf8 
jest_out.log
+ ~~~~~~~~~~~~~
    + CategoryInfo        
      : NotSpecified: (F  
  AIL __tests__/App.tes   
 t.tsx:String) [], Rem    
oteException
    + FullyQualifiedError 
   Id : NativeCommandErr  
  or
 
  ΓùÅ Test suite failed 
to run

    WorkletsError: 
[Worklets] Native part of 
Worklets doesn't seem to 
be initialized.
    See https://docs.swman
sion.com/react-native-work
lets/docs/guides/troublesh
ooting#native-part-of-work
lets-doesnt-seem-to-be-ini
tialized for more details.

    [0m [90m 11 |[39m j
est[33m.[39mmock([32m'@
react-navigation/native'[
39m[33m,[39m () 
[33m=>[39m {
     [90m 12 |[39m   
[36mreturn[39m {
    
[31m[1m>[22m[39m[90m 
13 |[39m     [33m...[39
mjest[33m.[39mrequireAct
ual([32m'@react-navigatio
n/native'[39m)[33m,[39m
     [90m    |[39m      
       
[31m[1m^[22m[39m
     [90m 14 |[39m     
useNavigation[33m:[39m 
() [33m=>[39m ({
     [90m 15 |[39m      
 navigate[33m:[39m jest
[33m.[39mfn()[33m,[39m
     [90m 16 |[39m     
})[33m,[39m[0m

      at new 
WorkletsErrorConstructor (
node_modules/react-native-
worklets/src/debug/Worklet
sError.native.ts:14:25)
      at new 
NativeWorklets (node_modul
es/react-native-worklets/s
rc/WorkletsModule/NativeWo
rklets.native.ts:37:13)
      at 
Object.<anonymous> (node_m
odules/react-native-workle
ts/src/WorkletsModule/Nati
veWorklets.native.ts:327:4
8)
      at Object.require (n
ode_modules/react-native-w
orklets/src/featureFlags/f
eatureFlags.native.ts:3:1)
      at Object.require (n
ode_modules/react-native-w
orklets/src/initializers/i
nitializers.native.ts:12:1
)
      at Object.require (n
ode_modules/react-native-w
orklets/src/index.ts:3:1)
      at Object.require (n
ode_modules/react-native-r
eanimated/src/initializers
.ts:2:1)
      at Object.require (n
ode_modules/react-native-r
eanimated/src/index.ts:5:1
)
      at Object.require (n
ode_modules/react-native-c
ss-interop/src/runtime/css
-interop.native.ts:7:1)
      at Object.require (n
ode_modules/react-native-c
ss-interop/src/core-compon
ents.ts:22:1)
      at Object.require (n
ode_modules/react-native-c
ss-interop/src/index.nativ
e.ts:1:1)
      at 
Object.<anonymous> (node_m
odules/@react-navigation/c
ore/lib/module/createNavig
atorFactory.js:7:30)
      at Object.require (n
ode_modules/@react-navigat
ion/core/src/index.tsx:3:1
)
      at Object.require (n
ode_modules/@react-navigat
ion/native/src/createStati
cNavigation.tsx:1:1)
      at Object.require (n
ode_modules/@react-navigat
ion/native/src/index.tsx:1
:1)
      at requireActual 
(jest.setup.js:13:13)
      at Object.require (s
rc/navigation/RootNavigato
r.tsx:2:1)
      at Object.require 
(App.tsx:10:1)
      at Object.require (_
_tests__/App.test.tsx:7:1)
      at 
asyncGeneratorStep (node_m
odules/@babel/runtime/help
ers/asyncToGenerator.js:3:
17)
      at 
asyncGeneratorStep (node_m
odules/@babel/runtime/help
ers/asyncToGenerator.js:17
:9)

FAIL src/__tests__/OTPScre
en.test.tsx (12.15 s)
  ΓùÅ OTPScreen Component 
ΓÇ║ renders correctly

    TypeError: Cannot 
read properties of 
undefined (reading 
'params')

    [0m [90m  7 |[39m
     [90m  8 |[39m 
[36mconst[39m 
[33mOTPScreen[39m 
[33m=[39m ({ 
route[33m,[39m 
navigation }[33m:[39m 
any) [33m=>[39m {
    
[31m[1m>[22m[39m[90m 
 9 |[39m   
[36mconst[39m { phone } 
[33m=[39m 
route[33m.[39mparams 
[33m||[39m {}[33m;[39m
     [90m    |[39m      
                     
[31m[1m^[22m[39m
     [90m 10 |[39m   
[36mconst[39m 
[otp[33m,[39m setOtp] 
[33m=[39m useState[33m<
[39m[33mstring[39m[][3
3m>[39m([33mArray[39m(
[33mOTP_LENGTH[39m)[33m.
[39mfill([32m''[39m))[
33m;[39m
     [90m 11 |[39m   
[36mconst[39m 
[timer[33m,[39m 
setTimer] [33m=[39m useS
tate([33mRESEND_TIMER[39
m)[33m;[39m
     [90m 12 |[39m   
[36mconst[39m 
[error[33m,[39m 
setError] [33m=[39m useS
tate([32m''[39m)[33m;[
39m[0m

      at params (src/scree
ns/OTPScreen.tsx:9:27)
      at Object.Component 
[as 
react_stack_bottom_frame] 
(node_modules/react-test-r
enderer/cjs/react-test-ren
derer.development.js:15670
:20)
      at 
callComponentInDEV (node_m
odules/react-test-renderer
/cjs/react-test-renderer.d
evelopment.js:4863:22)
      at renderWithHooks (
node_modules/react-test-re
nderer/cjs/react-test-rend
erer.development.js:7018:1
9)
      at 
updateFunctionComponent (n
ode_modules/react-test-ren
derer/cjs/react-test-rende
rer.development.js:8499:18
)
      at callback (node_mo
dules/react-test-renderer/
cjs/react-test-renderer.de
velopment.js:2315:13)
      at 
runWithFiberInDEV (node_mo
dules/react-test-renderer/
cjs/react-test-renderer.de
velopment.js:13224:22)
      at 
performUnitOfWork (node_mo
dules/react-test-renderer/
cjs/react-test-renderer.de
velopment.js:13068:41)
      at workLoopSync (nod
e_modules/react-test-rende
rer/cjs/react-test-rendere
r.development.js:13049:11)
      at renderRootSync (n
ode_modules/react-test-ren
derer/cjs/react-test-rende
rer.development.js:12253:3
9)
      at 
performWorkOnRoot (node_mo
dules/react-test-renderer/
cjs/react-test-renderer.de
velopment.js:2908:7)
      at callback (node_mo
dules/react/cjs/react.deve
lopment.js:590:34)
      at flushActQueue (no
de_modules/react/cjs/react
.development.js:884:10)
      at 
actImplementation (node_mo
dules/@testing-library/rea
ct-native/src/act.ts:30:25
)
      at renderWithAct (no
de_modules/@testing-librar
y/react-native/src/render-
act.ts:13:11)
      at renderInternal (n
ode_modules/@testing-libra
ry/react-native/src/render
.tsx:69:33)
      at renderInternal (n
ode_modules/@testing-libra
ry/react-native/src/render
.tsx:44:10)
      at 
Object.<anonymous> (src/__
tests__/OTPScreen.test.tsx
:7:33)

FAIL src/__tests__/LoginSc
reen.test.tsx (16.691 s)
  ΓùÅ LoginScreen 
Component ΓÇ║ renders 
correctly

    Unable to find an 
element with text: 
LoginScreen

    [36m<View>[39m
      [36m<View>[39m
        [36m<Text>[39m
          [0mWelcome 
Back[0m
        [36m</Text>[39m
        [36m<Text>[39m
          [0mEnter your 
phone number to receive a 
secure one-time 
password.[0m
        [36m</Text>[39m
      [36m</View>[39m
      [36m<View>[39m
        [36m<Text>[39m
          [0mPhone 
Number[0m
        [36m</Text>[39m
        [36m<View>[39m
          [36m<View>[39m
            
[36m<Text>[39m
              [0m+91[0m
            
[36m</Text>[39m
          
[36m</View>[39m
          
[36m<TextInput[39m
            [33mplacehold
er[39m=[32m"9876543210"
[39m
            [33mvalue[39
m=[32m""[39m
          [36m/>[39m
        [36m</View>[39m
      [36m</View>[39m
      [36m<View[39m
        [33maccessibility
State[39m=[32m{
          {
            "disabled": 
false,
          }
        }[39m
        [33maccessible[3
9m=[32m{true}[39m
      [36m>[39m
        [36m<Text>[39m
          [0mSend OTP[0m
        [36m</Text>[39m
      [36m</View>[39m
    [36m</View>[39m

    [0m [90m  8 |[39m  
   
     [90m  9 |[39m     
[90m// As per the 
placeholder built by 
Lavanya's stage[39m
    
[31m[1m>[22m[39m[90m 
10 |[39m     expect(getBy
Text([32m'LoginScreen'[3
9m))[33m.[39mtoBeTruthy(
)[33m;[39m
     [90m    |[39m      
      [31m[1m^[22m[39m
     [90m 11 |[39m   
})[33m;[39m
     [90m 12 |[39m 
})[33m;[39m
     [90m 13 |[39m[0m

      at Object.getByText 
(src/__tests__/LoginScreen
.test.tsx:10:12)

Test Suites: 3 failed, 3 
total
Tests:       2 failed, 2 
total
Snapshots:   0 total
Time:        18.074 s
Ran all test suites.
